D1/D4  Q3: flagged (unsure + unmarked) against sure; contradicted answers flagged against sure
  fresh_161_300 U-Q: right when flagged 13/23 (56.5%; 37-74%) | right when sure 80/117 (68.4%; 59-76%) | diff sure-flagged {'k1': 80, 'n1': 117, 'k2': 13, 'n2': 23, 'diff': 0.1185, 'ci95': [-0.0808, 0.3303]}
      contradicted answers: right when flagged 1/5 (20.0%; 4-62%) | right when sure 36/55 (65.5%; 52-77%)
  fresh_161_300 U-G: right when flagged 3/4 (75.0%; 30-95%) | right when sure 92/136 (67.7%; 59-75%) | diff sure-flagged {'k1': 92, 'n1': 136, 'k2': 3, 'n2': 4, 'diff': -0.0735, 'ci95': [-0.294, 0.3817]}
      contradicted answers: right when flagged 0/0 | right when sure 29/39 (74.4%; 59-85%)
  primary_201_300 U-Q: right when flagged 11/18 (61.1%; 39-80%) | right when sure 55/82 (67.1%; 56-76%) | diff sure-flagged {'k1': 55, 'n1': 82, 'k2': 11, 'n2': 18, 'diff': 0.0596, 'ci95': [-0.155, 0.3027]}
      contradicted answers: right when flagged 1/3 (33.3%; 6-79%) | right when sure 24/38 (63.2%; 47-77%)
  primary_201_300 U-G: right when flagged 2/3 (66.7%; 21-94%) | right when sure 67/97 (69.1%; 59-77%) | diff sure-flagged {'k1': 67, 'n1': 97, 'k2': 2, 'n2': 3, 'diff': 0.0241, 'ci95': [-0.2648, 0.4906]}
      contradicted answers: right when flagged 0/0 | right when sure 20/29 (69.0%; 51-83%)

D3  Q3: what dropping every 'shown' answer would cost (every 'shown' answer was marked sure)
  fresh_161_300 U-Q: shown answers 42; wrong 8; correct 34; give up 34 correct to remove 8 wrong (4.25 per wrong)
  fresh_161_300 U-G: shown answers 49; wrong 12; correct 37; give up 37 correct to remove 12 wrong (3.08 per wrong)
  primary_201_300 U-Q: shown answers 28; wrong 4; correct 24; give up 24 correct to remove 4 wrong (6.00 per wrong)
  primary_201_300 U-G: shown answers 33; wrong 6; correct 27; give up 27 correct to remove 6 wrong (4.50 per wrong)

D2  Q4: wrong final answers that carry a real (verbatim) quote: how many are NOT on the deciding line
  fresh_161_300 local final 'shown': wrong 26 of 99; of the wrong, not on the deciding line 26/26 (100.0%; 87-100%); by group {'NO_D': 20, 'OTHER': 6}
  fresh_161_300 local final 'contradicted': wrong 49 of 126; of the wrong, not on the deciding line 43/49 (87.8%; 76-94%); by group {'NO_D': 40, 'ON': 6, 'OTHER': 3}
  fresh_161_300 fast final 'shown': wrong 27 of 98; of the wrong, not on the deciding line 26/27 (96.3%; 82-99%); by group {'NO_D': 18, 'ON': 1, 'OTHER': 8}
  fresh_161_300 fast final 'contradicted': wrong 40 of 99; of the wrong, not on the deciding line 35/40 (87.5%; 74-95%); by group {'NO_D': 34, 'ON': 5, 'OTHER': 1}
  primary_201_300 local final 'shown': wrong 13 of 64; of the wrong, not on the deciding line 13/13 (100.0%; 77-100%); by group {'NO_D': 9, 'OTHER': 4}
  primary_201_300 local final 'contradicted': wrong 36 of 89; of the wrong, not on the deciding line 33/36 (91.7%; 78-97%); by group {'NO_D': 31, 'ON': 3, 'OTHER': 2}
  primary_201_300 fast final 'shown': wrong 16 of 66; of the wrong, not on the deciding line 15/16 (93.8%; 72-99%); by group {'NO_D': 10, 'ON': 1, 'OTHER': 5}
  primary_201_300 fast final 'contradicted': wrong 32 of 75; of the wrong, not on the deciding line 30/32 (93.8%; 80-98%); by group {'NO_D': 29, 'ON': 2, 'OTHER': 1}
